[www.ttisuccessinsights.com.cn/index.html]
[backblue.gif]
[fade.gif]
[index.html]
[www.ttisuccessinsights.com.cn/static/cn/styles/styles.css]
[www.ttisuccessinsights.com.cn/static/cn/styles/ds_library.min.css]
[www.ttisuccessinsights.com.cn/static/cn/styles/swiper.min.css]
[www.ttisuccessinsights.com.cn/static/cn/styles/aos.min.css]
[www.ttisuccessinsights.com.cn/static/cn/styles/public.min.css]
[www.ttisuccessinsights.com.cn/static/cn/styles/home/index.min.css]
[www.ttisuccessinsights.com.cn/test/behavior.html]
[www.ttisuccessinsights.com.cn/test/motivator.html]
[www.ttisuccessinsights.com.cn/test/eq.html]
[www.ttisuccessinsights.com.cn/test/competency.html]
[www.ttisuccessinsights.com.cn/test/keen.html]
[www.ttisuccessinsights.com.cn/authentication.html]
[www.ttisuccessinsights.com.cn/solve.html]
[www.ttisuccessinsights.com.cn/alumnus.html]
[www.ttisuccessinsights.com.cn/activity.html]
[www.ttisuccessinsights.com.cn/news.html]
[www-x-ttisuccessinsights-x-com-x-cn.img.addlink.cn/static/cn/images/home/banner1.png]
[www-x-ttisuccessinsights-x-com-x-cn.img.addlink.cn/static/cn/images/home/banner2.png]
[www-x-ttisuccessinsights-x-com-x-cn.img.addlink.cn/static/cn/images/home/banner3.png]
[www-x-ttisuccessinsights-x-com-x-cn.img.addlink.cn/static/cn/images/home/kown-img.png]
[www-x-ttisuccessinsights-x-com-x-cn.img.addlink.cn/static/cn/images/home/know.png]
[www-x-ttisuccessinsights-x-com-x-cn.img.addlink.cn/static/cn/images/home/service-img.png]
[www-x-ttisuccessinsights-x-com-x-cn.img.addlink.cn/static/cn/images/home/service.png]
[www-x-ttisuccessinsights-x-com-x-cn.img.addlink.cn/static/cn/images/home/service1.png]
[www-x-ttisuccessinsights-x-com-x-cn.img.addlink.cn/static/cn/images/home/01.png]
[www-x-ttisuccessinsights-x-com-x-cn.img.addlink.cn/static/cn/images/home/service2.png]
[www-x-ttisuccessinsights-x-com-x-cn.img.addlink.cn/static/cn/images/home/03.png]
[www-x-ttisuccessinsights-x-com-x-cn.img.addlink.cn/static/cn/images/home/talent.png]
[www-x-ttisuccessinsights-x-com-x-cn.img.addlink.cn/static/cn/images/home/mountain.png]
[www-x-ttisuccessinsights-x-com-x-cn.img.addlink.cn/static/cn/images/home/line1.png]
[www-x-ttisuccessinsights-x-com-x-cn.img.addlink.cn/static/cn/images/home/model1.png]
[www-x-ttisuccessinsights-x-com-x-cn.img.addlink.cn/static/cn/images/home/line2.png]
[www-x-ttisuccessinsights-x-com-x-cn.img.addlink.cn/static/cn/images/home/model2.png]
[www-x-ttisuccessinsights-x-com-x-cn.img.addlink.cn/static/cn/images/home/line3.png]
[www-x-ttisuccessinsights-x-com-x-cn.img.addlink.cn/static/cn/images/home/model3.png]
[www-x-ttisuccessinsights-x-com-x-cn.img.addlink.cn/static/cn/images/home/line4.png]
[www-x-ttisuccessinsights-x-com-x-cn.img.addlink.cn/static/cn/images/home/model4.png]
[www-x-ttisuccessinsights-x-com-x-cn.img.addlink.cn/static/cn/images/home/advantage.png]
[www-x-ttisuccessinsights-x-com-x-cn.img.addlink.cn/static/cn/images/home/addvantage1.png]
[www-x-ttisuccessinsights-x-com-x-cn.img.addlink.cn/static/cn/images/home/addvantage2.png]
[www-x-ttisuccessinsights-x-com-x-cn.img.addlink.cn/static/cn/images/home/addvantage3.png]
[www-x-ttisuccessinsights-x-com-x-cn.img.addlink.cn/static/cn/images/home/addvantage4.png]
[www-x-ttisuccessinsights-x-com-x-cn.img.addlink.cn/static/cn/images/home/addvantage5.png]
[www-x-ttisuccessinsights-x-com-x-cn.img.addlink.cn/static/cn/images/home/honer.png]
[www-x-ttisuccessinsights-x-com-x-cn.img.addlink.cn/static/cn/images/home/analyst.png]
[www-x-ttisuccessinsights-x-com-x-cn.img.addlink.cn/static/cn/images/home/analyst-img.png]
[www-x-ttisuccessinsights-x-com-x-cn.img.addlink.cn/static/cn/images/home/solution.png]
[www.ttisuccessinsights.com.cn/solve/detail/161.html]
[www.ttisuccessinsights.com.cn/solve/detail/165.html]
[www.ttisuccessinsights.com.cn/solve/detail/164.html]
[www.ttisuccessinsights.com.cn/solve/detail/163.html]
[www-x-ttisuccessinsights-x-com-x-cn.img.addlink.cn/static/cn/images/home/history-img.png]
[www-x-ttisuccessinsights-x-com-x-cn.img.addlink.cn/static/cn/images/home/brands.png]
[www-x-ttisuccessinsights-x-com-x-cn.img.addlink.cn/static/cn/images/home/brand.png]
[www-x-ttisuccessinsights-x-com-x-cn.img.addlink.cn/static/cn/images/home/history/2.jpg]
[www-x-ttisuccessinsights-x-com-x-cn.img.addlink.cn/static/cn/images/home/history/3.jpg]
[www-x-ttisuccessinsights-x-com-x-cn.img.addlink.cn/static/cn/images/home/history/4.jpg]
[www-x-ttisuccessinsights-x-com-x-cn.img.addlink.cn/static/cn/images/home/history/5.jpg]
[www-x-ttisuccessinsights-x-com-x-cn.img.addlink.cn/static/cn/images/home/history/6.jpg]
[www-x-ttisuccessinsights-x-com-x-cn.img.addlink.cn/static/cn/images/home/history/7.jpg]
[www-x-ttisuccessinsights-x-com-x-cn.img.addlink.cn/static/cn/images/home/history/8.jpg]
[www-x-ttisuccessinsights-x-com-x-cn.img.addlink.cn/static/cn/images/home/history/9.jpg]
[www-x-ttisuccessinsights-x-com-x-cn.img.addlink.cn/static/cn/images/home/history/10.jpg]
[www-x-ttisuccessinsights-x-com-x-cn.img.addlink.cn/static/cn/images/home/history/11.jpg]
[www-x-ttisuccessinsights-x-com-x-cn.img.addlink.cn/static/cn/images/home/history/12.jpg]
[www-x-ttisuccessinsights-x-com-x-cn.img.addlink.cn/static/cn/images/home/history/13.jpg]
[www-x-ttisuccessinsights-x-com-x-cn.img.addlink.cn/static/cn/images/home/history/14.jpg]
[www-x-ttisuccessinsights-x-com-x-cn.img.addlink.cn/static/cn/images/home/history/15.jpg]
[www-x-ttisuccessinsights-x-com-x-cn.img.addlink.cn/static/cn/images/home/history/16.jpg]
[www-x-ttisuccessinsights-x-com-x-cn.img.addlink.cn/static/cn/images/home/history/17.jpg]
[www-x-ttisuccessinsights-x-com-x-cn.img.addlink.cn/static/cn/images/home/history/18.jpg]
[www-x-ttisuccessinsights-x-com-x-cn.img.addlink.cn/static/cn/images/home/history/19.jpg]
[www-x-ttisuccessinsights-x-com-x-cn.img.addlink.cn/static/cn/images/home/history/20.jpg]
[www-x-ttisuccessinsights-x-com-x-cn.img.addlink.cn/static/cn/images/home/history/21.jpg]
[www-x-ttisuccessinsights-x-com-x-cn.img.addlink.cn/static/cn/images/home/history/22.jpg]
[www-x-ttisuccessinsights-x-com-x-cn.img.addlink.cn/static/cn/images/home/history/23.jpg]
[www-x-ttisuccessinsights-x-com-x-cn.img.addlink.cn/static/cn/images/home/1.png]
[www-x-ttisuccessinsights-x-com-x-cn.img.addlink.cn/static/cn/images/home/2.png]
[www-x-ttisuccessinsights-x-com-x-cn.img.addlink.cn/static/cn/images/home/3.png]
[www-x-ttisuccessinsights-x-com-x-cn.img.addlink.cn/static/cn/images/home/4.png]
[www-x-ttisuccessinsights-x-com-x-cn.img.addlink.cn/static/cn/images/home/5.png]
[www-x-ttisuccessinsights-x-com-x-cn.img.addlink.cn/static/cn/images/home/6.png]
[www-x-ttisuccessinsights-x-com-x-cn.img.addlink.cn/static/cn/images/home/7.png]
[www-x-ttisuccessinsights-x-com-x-cn.img.addlink.cn/static/cn/images/home/8.png]
[www-x-ttisuccessinsights-x-com-x-cn.img.addlink.cn/static/cn/images/home/9.png]
[www-x-ttisuccessinsights-x-com-x-cn.img.addlink.cn/static/cn/images/home/10.png]
[www-x-ttisuccessinsights-x-com-x-cn.img.addlink.cn/static/cn/images/home/11.png]
[www-x-ttisuccessinsights-x-com-x-cn.img.addlink.cn/static/cn/images/home/12.png]
[www-x-ttisuccessinsights-x-com-x-cn.img.addlink.cn/static/cn/images/home/13.png]
[www-x-ttisuccessinsights-x-com-x-cn.img.addlink.cn/static/cn/images/home/14.png]
[www-x-ttisuccessinsights-x-com-x-cn.img.addlink.cn/static/cn/images/home/15.png]
[www-x-ttisuccessinsights-x-com-x-cn.img.addlink.cn/static/cn/images/home/16.png]
[www-x-ttisuccessinsights-x-com-x-cn.img.addlink.cn/static/cn/images/home/17.png]
[www-x-ttisuccessinsights-x-com-x-cn.img.addlink.cn/static/cn/images/home/18.png]
[www-x-ttisuccessinsights-x-com-x-cn.img.addlink.cn/static/cn/images/home/19.png]
[www-x-ttisuccessinsights-x-com-x-cn.img.addlink.cn/static/cn/images/home/20.png]
[www-x-ttisuccessinsights-x-com-x-cn.img.addlink.cn/static/cn/images/home/21.png]
[www-x-ttisuccessinsights-x-com-x-cn.img.addlink.cn/static/cn/images/home/23.png]
[www-x-ttisuccessinsights-x-com-x-cn.img.addlink.cn/static/cn/images/home/22.png]
[www-x-ttisuccessinsights-x-com-x-cn.img.addlink.cn/static/cn/images/home/27.png]
[www-x-ttisuccessinsights-x-com-x-cn.img.addlink.cn/static/cn/images/home/logo1.png]
[www-x-ttisuccessinsights-x-com-x-cn.img.addlink.cn/static/cn/images/home/logo2.png]
[www-x-ttisuccessinsights-x-com-x-cn.img.addlink.cn/static/cn/images/home/logo3.png]
[www-x-ttisuccessinsights-x-com-x-cn.img.addlink.cn/static/cn/images/home/logo4.png]
[www-x-ttisuccessinsights-x-com-x-cn.img.addlink.cn/static/cn/images/home/logo5.png]
[www-x-ttisuccessinsights-x-com-x-cn.img.addlink.cn/static/cn/images/home/logo6.png]
[www-x-ttisuccessinsights-x-com-x-cn.img.addlink.cn/static/cn/images/home/logo7.png]
[www-x-ttisuccessinsights-x-com-x-cn.img.addlink.cn/static/cn/images/home/logo8.png]
[www-x-ttisuccessinsights-x-com-x-cn.img.addlink.cn/static/cn/images/home/logo9.png]
[www-x-ttisuccessinsights-x-com-x-cn.img.addlink.cn/static/cn/images/home/logo10.png]
[www-x-ttisuccessinsights-x-com-x-cn.img.addlink.cn/static/cn/images/home/logo11.png]
[www-x-ttisuccessinsights-x-com-x-cn.img.addlink.cn/static/cn/images/home/logo12.png]
[www-x-ttisuccessinsights-x-com-x-cn.img.addlink.cn/static/cn/images/home/logo13.png]
[www-x-ttisuccessinsights-x-com-x-cn.img.addlink.cn/static/cn/images/home/logo14.png]
[www-x-ttisuccessinsights-x-com-x-cn.img.addlink.cn/static/cn/images/home/logo15.png]
[www-x-ttisuccessinsights-x-com-x-cn.img.addlink.cn/static/cn/images/home/logo16.png]
[www-x-ttisuccessinsights-x-com-x-cn.img.addlink.cn/static/cn/images/home/logo17.png]
[www-x-ttisuccessinsights-x-com-x-cn.img.addlink.cn/static/cn/images/home/logo18.png]
[www-x-ttisuccessinsights-x-com-x-cn.img.addlink.cn/static/cn/images/home/logo19.png]
[www-x-ttisuccessinsights-x-com-x-cn.img.addlink.cn/static/cn/images/home/logo20.png]
[www-x-ttisuccessinsights-x-com-x-cn.img.addlink.cn/static/cn/images/home/logo21.png]
[www-x-ttisuccessinsights-x-com-x-cn.img.addlink.cn/static/cn/images/home/logo22.png]
[www-x-ttisuccessinsights-x-com-x-cn.img.addlink.cn/static/cn/images/home/logo23.png]
[www-x-ttisuccessinsights-x-com-x-cn.img.addlink.cn/static/cn/images/home/logo24.png]
[www-x-ttisuccessinsights-x-com-x-cn.img.addlink.cn/static/cn/images/home/logo25.png]
[www-x-ttisuccessinsights-x-com-x-cn.img.addlink.cn/static/cn/images/home/logo26.png]
[www-x-ttisuccessinsights-x-com-x-cn.img.addlink.cn/static/cn/images/home/logo27.png]
[www-x-ttisuccessinsights-x-com-x-cn.img.addlink.cn/static/cn/images/home/logo28.png]
[www-x-ttisuccessinsights-x-com-x-cn.img.addlink.cn/static/cn/images/home/logo29.png]
[www-x-ttisuccessinsights-x-com-x-cn.img.addlink.cn/static/cn/images/home/logo30.png]
[www-x-ttisuccessinsights-x-com-x-cn.img.addlink.cn/static/cn/images/home/logo31.png]
[www-x-ttisuccessinsights-x-com-x-cn.img.addlink.cn/static/cn/images/home/logo32.png]
[www-x-ttisuccessinsights-x-com-x-cn.img.addlink.cn/static/cn/images/home/logo33.png]
[www-x-ttisuccessinsights-x-com-x-cn.img.addlink.cn/static/cn/images/home/logo34.png]
[www-x-ttisuccessinsights-x-com-x-cn.img.addlink.cn/static/cn/images/home/logo35.png]
[www-x-ttisuccessinsights-x-com-x-cn.img.addlink.cn/static/cn/images/home/logo36.png]
[www-x-ttisuccessinsights-x-com-x-cn.img.addlink.cn/static/cn/images/home/logo37.png]
[www-x-ttisuccessinsights-x-com-x-cn.img.addlink.cn/static/cn/images/home/logo38.png]
[www-x-ttisuccessinsights-x-com-x-cn.img.addlink.cn/static/cn/images/home/logo39.png]
[www-x-ttisuccessinsights-x-com-x-cn.img.addlink.cn/static/cn/images/home/logo40.png]
[www-x-ttisuccessinsights-x-com-x-cn.img.addlink.cn/static/cn/images/home/logo41.png]
[www-x-ttisuccessinsights-x-com-x-cn.img.addlink.cn/static/cn/images/home/logo42.png]
[www-x-ttisuccessinsights-x-com-x-cn.img.addlink.cn/static/cn/images/home/logo43.png]
[www-x-ttisuccessinsights-x-com-x-cn.img.addlink.cn/static/cn/images/home/logo44.png]
[www-x-ttisuccessinsights-x-com-x-cn.img.addlink.cn/static/cn/images/home/logo45.png]
[www-x-ttisuccessinsights-x-com-x-cn.img.addlink.cn/static/cn/images/home/logo46.png]
[www-x-ttisuccessinsights-x-com-x-cn.img.addlink.cn/static/cn/images/home/logo47.png]
[www-x-ttisuccessinsights-x-com-x-cn.img.addlink.cn/static/cn/images/home/logo48.png]
[www-x-ttisuccessinsights-x-com-x-cn.img.addlink.cn/static/cn/images/home/logo49.png]
[www-x-ttisuccessinsights-x-com-x-cn.img.addlink.cn/static/cn/images/home/logo50.png]
[www-x-ttisuccessinsights-x-com-x-cn.img.addlink.cn/static/cn/images/home/logo51.png]
[www-x-ttisuccessinsights-x-com-x-cn.img.addlink.cn/static/cn/images/home/logo52.png]
[www-x-ttisuccessinsights-x-com-x-cn.img.addlink.cn/static/cn/images/shared/logo-active.png]
[www-x-ttisuccessinsights-x-com-x-cn.img.addlink.cn/static/cn/images/shared/email.png]
[www-x-ttisuccessinsights-x-com-x-cn.img.addlink.cn/static/cn/images/shared/address.png]
[www-x-ttisuccessinsights-x-com-x-cn.img.addlink.cn/static/cn/images/shared/phone.png]
[hm.baidu.com/hm8514.js]
[www.ttisuccessinsights.com.cn/static/cn/js/aos.min.js]
[www.ttisuccessinsights.com.cn/static/cn/js/TweenLite.min.js]
[www.ttisuccessinsights.com.cn/static/cn/js/jquery-3.4.1.min.js]
[www.ttisuccessinsights.com.cn/static/cn/js/iconfont.js]
[www.ttisuccessinsights.com.cn/static/cn/js/ds_library.min.js]
[www.ttisuccessinsights.com.cn/index.html]
[www.ttisuccessinsights.com.cn/static/cn/styles/styles.css]
[www.ttisuccessinsights.com.cn/static/cn/js/app.js]
[www.ttisuccessinsights.com.cn/static/cn/js/main.js]
[www-x-ttisuccessinsights-x-com-x-cn.img.addlink.cn/static/cn/images/shared/logo.png]
[www-x-ttisuccessinsights-x-com-x-cn.img.addlink.cn/static/cn/images/shared/logo-colorful.png]
[www.ttisuccessinsights.com.cn/static/cn/styles/ds_library.min.css]
[www.ttisuccessinsights.com.cn/static/cn/styles/swiper.min.css]
[www.ttisuccessinsights.com.cn/static/cn/styles/aos.min.css]
[www.ttisuccessinsights.com.cn/static/cn/styles/public.min.css]
[www-x-ttisuccessinsights-x-com-x-cn.img.addlink.cn/static/cn/images/shared/arrow-white-left.png]
[www.ttisuccessinsights.com.cn/static/cn/js/swiper.min.js]
[www-x-ttisuccessinsights-x-com-x-cn.img.addlink.cn/static/cn/images/shared/arrow-white-left-active.png]
[www-x-ttisuccessinsights-x-com-x-cn.img.addlink.cn/static/cn/images/shared/arrow-white-right.png]
[www-x-ttisuccessinsights-x-com-x-cn.img.addlink.cn/static/cn/images/shared/arrow-white-right-active.png]
[www-x-ttisuccessinsights-x-com-x-cn.img.addlink.cn/static/cn/images/home/kown-video.png]
[www-x-ttisuccessinsights-x-com-x-cn.img.addlink.cn/static/cn/images/shared/arrow-gray-left.png]
[www-x-ttisuccessinsights-x-com-x-cn.img.addlink.cn/static/cn/images/shared/color-left.png]
[www-x-ttisuccessinsights-x-com-x-cn.img.addlink.cn/static/cn/images/shared/arrow-gray-right.png]
[www-x-ttisuccessinsights-x-com-x-cn.img.addlink.cn/static/cn/images/shared/color-right.png]
[www.ttisuccessinsights.com.cn/static/cn/styles/home/index.min.css]
[www.ttisuccessinsights.com.cn/static/cn/styles/behavior/index.min.css]
[www-x-ttisuccessinsights-x-com-x-cn.img.addlink.cn/static/cn/images/test/motivator/banner.png]
[www-x-ttisuccessinsights-x-com-x-cn.img.addlink.cn/static/cn/images/test/motivator/banner-img.png]
[www.ttisuccessinsights.com.cn/test/motivator-2.html]
[www.ttisuccessinsights.com.cn/test/competency-2.html]
[www.ttisuccessinsights.com.cn/test/behavior-2.html]
[www.ttisuccessinsights.com.cn/test/eq-2.html]
[www.ttisuccessinsights.com.cn/test/keen-2.html]
[www-x-ttisuccessinsights-x-com-x-cn.img.addlink.cn/static/cn/images/test/behavior/bg.png]
[www-x-ttisuccessinsights-x-com-x-cn.img.addlink.cn/static/cn/images/test/behavior/bgs.png]
[www-x-ttisuccessinsights-x-com-x-cn.img.addlink.cn/static/cn/images/test/behavior/img1.png]
[www-x-ttisuccessinsights-x-com-x-cn.img.addlink.cn/static/cn/images/test/behavior/icon1.png]
[www-x-ttisuccessinsights-x-com-x-cn.img.addlink.cn/static/cn/images/test/behavior/icon2.png]
[www-x-ttisuccessinsights-x-com-x-cn.img.addlink.cn/static/cn/images/test/behavior/icon3.png]
[www-x-ttisuccessinsights-x-com-x-cn.img.addlink.cn/static/cn/images/test/behavior/icon4.png]
[www-x-ttisuccessinsights-x-com-x-cn.img.addlink.cn/static/cn/images/test/behavior/img2.png]
[www-x-ttisuccessinsights-x-com-x-cn.img.addlink.cn/static/cn/images/test/behavior/img3.png]
[www-x-ttisuccessinsights-x-com-x-cn.img.addlink.cn/static/cn/images/test/behavior/img4.png]
[www-x-ttisuccessinsights-x-com-x-cn.img.addlink.cn/static/cn/images/test/behavior/img5.png]
[www-x-ttisuccessinsights-x-com-x-cn.img.addlink.cn/static/cn/images/test/behavior/img7.png]
[www-x-ttisuccessinsights-x-com-x-cn.img.addlink.cn/static/cn/images/test/behavior/img9.png]
[www-x-ttisuccessinsights-x-com-x-cn.img.addlink.cn/static/cn/images/test/behavior/line.png]
[www-x-ttisuccessinsights-x-com-x-cn.img.addlink.cn/static/cn/images/test/behavior/bg3.png]
[www-x-ttisuccessinsights-x-com-x-cn.img.addlink.cn/static/cn/images/test/behavior/img10.png]
[www.ttisuccessinsights.com.cn/test/behavior.html]
[www.ttisuccessinsights.com.cn/static/cn/styles/motivator/index.min.css]
[www-x-ttisuccessinsights-x-com-x-cn.img.addlink.cn/static/cn/images/test/motivator/bg.png]
[www-x-ttisuccessinsights-x-com-x-cn.img.addlink.cn/static/cn/images/test/motivator/img1.png]
[www-x-ttisuccessinsights-x-com-x-cn.img.addlink.cn/static/cn/images/test/motivator/icon.png]
[www-x-ttisuccessinsights-x-com-x-cn.img.addlink.cn/static/cn/images/test/motivator/img2.png]
[www-x-ttisuccessinsights-x-com-x-cn.img.addlink.cn/static/cn/images/test/motivator/img3.png]
[www-x-ttisuccessinsights-x-com-x-cn.img.addlink.cn/static/cn/images/test/motivator/img4.png]
[www-x-ttisuccessinsights-x-com-x-cn.img.addlink.cn/static/cn/images/test/motivator/img5.png]
[www-x-ttisuccessinsights-x-com-x-cn.img.addlink.cn/static/cn/images/test/motivator/img6.png]
[www-x-ttisuccessinsights-x-com-x-cn.img.addlink.cn/static/cn/images/test/motivator/img7.png]
[www-x-ttisuccessinsights-x-com-x-cn.img.addlink.cn/static/cn/images/test/motivator/line.png]
[www-x-ttisuccessinsights-x-com-x-cn.img.addlink.cn/static/cn/images/test/motivator/bg2.png]
[www-x-ttisuccessinsights-x-com-x-cn.img.addlink.cn/static/cn/images/test/motivator/img8.png]
[www.ttisuccessinsights.com.cn/test/motivator.html]
[www.ttisuccessinsights.com.cn/static/cn/styles/eq/index.min.css]
[www-x-ttisuccessinsights-x-com-x-cn.img.addlink.cn/static/cn/images/test/eq/icon.png]
[www-x-ttisuccessinsights-x-com-x-cn.img.addlink.cn/static/cn/images/test/eq/img1.png]
[www-x-ttisuccessinsights-x-com-x-cn.img.addlink.cn/static/cn/images/test/eq/img2.png]
[www-x-ttisuccessinsights-x-com-x-cn.img.addlink.cn/static/cn/images/test/eq/img3.png]
[www-x-ttisuccessinsights-x-com-x-cn.img.addlink.cn/static/cn/images/test/eq/img5.png]
[www-x-ttisuccessinsights-x-com-x-cn.img.addlink.cn/static/cn/images/test/eq/img6.png]
[www-x-ttisuccessinsights-x-com-x-cn.img.addlink.cn/static/cn/images/test/eq/img4.png]
[www.ttisuccessinsights.com.cn/test/eq.html]
[www.ttisuccessinsights.com.cn/static/cn/styles/competency/index.min.css]
[www-x-ttisuccessinsights-x-com-x-cn.img.addlink.cn/static/cn/images/test/competency/img1.png]
[www-x-ttisuccessinsights-x-com-x-cn.img.addlink.cn/static/cn/images/test/competency/img2.png]
[www-x-ttisuccessinsights-x-com-x-cn.img.addlink.cn/static/cn/images/test/competency/img3.png]
[www-x-ttisuccessinsights-x-com-x-cn.img.addlink.cn/static/cn/images/test/competency/img4.png]
[www-x-ttisuccessinsights-x-com-x-cn.img.addlink.cn/static/cn/images/test/competency/img5.png]
[www.ttisuccessinsights.com.cn/test/competency.html]
[www.ttisuccessinsights.com.cn/static/cn/styles/keen/index.min.css]
[www-x-ttisuccessinsights-x-com-x-cn.img.addlink.cn/static/cn/images/test/keen/img1.png]
[www-x-ttisuccessinsights-x-com-x-cn.img.addlink.cn/static/cn/images/test/keen/img2.png]
[www-x-ttisuccessinsights-x-com-x-cn.img.addlink.cn/static/cn/images/test/keen/img3.png]
[www-x-ttisuccessinsights-x-com-x-cn.img.addlink.cn/static/cn/images/test/keen/img4.png]
[www-x-ttisuccessinsights-x-com-x-cn.img.addlink.cn/static/cn/images/test/keen/img5.png]
[www.ttisuccessinsights.com.cn/test/keen.html]
[www.ttisuccessinsights.com.cn/static/cn/styles/authentication/index.min.css]
[www-x-ttisuccessinsights-x-com-x-cn.img.addlink.cn/static/cn/images/authentication/banner.png]
[www-x-ttisuccessinsights-x-com-x-cn.img.addlink.cn/static/cn/images/authentication/banner-text.png]
[www-x-ttisuccessinsights-x-com-x-cn.img.addlink.cn/static/cn/images/authentication/certification-text.png]
[www-x-ttisuccessinsights-x-com-x-cn.img.addlink.cn/static/cn/images/authentication/honer.png]
[www-x-ttisuccessinsights-x-com-x-cn.img.addlink.cn/static/cn/images/authentication/model.png]
[www-x-ttisuccessinsights-x-com-x-cn.img.addlink.cn/static/cn/images/authentication/application-text.png]
[www-x-ttisuccessinsights-x-com-x-cn.img.addlink.cn/static/cn/images/authentication/honer2.png]
[www-x-ttisuccessinsights-x-com-x-cn.img.addlink.cn/static/cn/images/authentication/course.png]
[www.ttisuccessinsights.com.cn/authentication.html]
[www.ttisuccessinsights.com.cn/static/cn/styles/solve/solve.min.css]
[www-x-ttisuccessinsights-x-com-x-cn.img.addlink.cn/static/cn/images/solve/banner-title.png]
[www-x-ttisuccessinsights-x-com-x-cn.img.addlink.cn/static/cn/images/solve/bg.png]
[www-x-ttisuccessinsights-x-com-x-cn.img.addlink.cn/static/cn/images/solve/bg2.png]
[www.ttisuccessinsights.com.cn/solve/detail/194.html]
[www.ttisuccessinsights.com.cn/solve/detail/195.html]
[www.ttisuccessinsights.com.cn/solve/detail/196.html]
[www.ttisuccessinsights.com.cn/solve/detail/197.html]
[www.ttisuccessinsights.com.cn/solve/detail/198.html]
[www.ttisuccessinsights.com.cn/solve/detail/199.html]
[www.ttisuccessinsights.com.cn/solve/detail/200.html]
[www.ttisuccessinsights.com.cn/solve.html]
[www.ttisuccessinsights.com.cn/static/cn/styles/alumnus/index.min.css]
[www-x-ttisuccessinsights-x-com-x-cn.img.addlink.cn/static/cn/images/alumnus/banner.png]
[www-x-ttisuccessinsights-x-com-x-cn.img.addlink.cn/static/cn/images/alumnus/members-text.png]
[www.ttisuccessinsights.com.cn/alumnus.html]
[www-x-ttisuccessinsights-x-com-x-cn.img.addlink.cn/static/cn/images/alumnus/customer-text.png]
[www.ttisuccessinsights.com.cn/static/cn/styles/activity/index.min.css]
[www-x-ttisuccessinsights-x-com-x-cn.img.addlink.cn/static/cn/images/activity/banner.png]
[www.ttisuccessinsights.com.cn/activity.html]
[www.ttisuccessinsights.com.cn/static/cn/styles/news/index.min.css]
[www-x-ttisuccessinsights-x-com-x-cn.img.addlink.cn/static/cn/images/news/banner.png]
[www-x-ttisuccessinsights-x-com-x-cn.img.addlink.cn/static/cn/images/news/banner-text.png]
[www-x-ttisuccessinsights-x-com-x-cn.img.addlink.cn/static/cn/images/news/instrument-text.png]
[www-x-ttisuccessinsights-x-com-x-cn.img.addlink.cn/static/cn/images/news/test1.png]
[www-x-ttisuccessinsights-x-com-x-cn.img.addlink.cn/static/cn/images/news/test3.png]
[www-x-ttisuccessinsights-x-com-x-cn.img.addlink.cn/static/cn/images/news/test5.png]
[www-x-ttisuccessinsights-x-com-x-cn.img.addlink.cn/static/cn/images/news/test7.png]
[www-x-ttisuccessinsights-x-com-x-cn.img.addlink.cn/static/cn/images/news/test2.png]
[www-x-ttisuccessinsights-x-com-x-cn.img.addlink.cn/static/cn/images/news/test4.png]
[www-x-ttisuccessinsights-x-com-x-cn.img.addlink.cn/static/cn/images/news/test6.png]
[www-x-ttisuccessinsights-x-com-x-cn.img.addlink.cn/static/cn/images/news/test8.png]
[www-x-ttisuccessinsights-x-com-x-cn.img.addlink.cn/static/cn/images/news/package-text.png]
[www-x-ttisuccessinsights-x-com-x-cn.img.addlink.cn/static/cn/images/news/service1.png]
[www-x-ttisuccessinsights-x-com-x-cn.img.addlink.cn/static/cn/images/news/service2.png]
[www-x-ttisuccessinsights-x-com-x-cn.img.addlink.cn/static/cn/images/news/service3.png]
[www-x-ttisuccessinsights-x-com-x-cn.img.addlink.cn/static/cn/images/news/service4.png]
[www-x-ttisuccessinsights-x-com-x-cn.img.addlink.cn/static/cn/images/news/props-text.png]
[www-x-ttisuccessinsights-x-com-x-cn.img.addlink.cn/static/cn/images/news/tool1.png]
[www-x-ttisuccessinsights-x-com-x-cn.img.addlink.cn/static/cn/images/news/tool2.png]
[www-x-ttisuccessinsights-x-com-x-cn.img.addlink.cn/static/cn/images/news/tool3.png]
[www-x-ttisuccessinsights-x-com-x-cn.img.addlink.cn/static/cn/images/news/tool4.png]
[www.ttisuccessinsights.com.cn/news.html]
[www-x-ttisuccessinsights-x-com-x-cn.img.addlink.cn/static/cn/images/news/tool5.png]
[www-x-ttisuccessinsights-x-com-x-cn.img.addlink.cn/static/cn/images/home/02.png]
[www-x-ttisuccessinsights-x-com-x-cn.img.addlink.cn/static/cn/images/home/service3.png]
[www.ttisuccessinsights.com.cn/static/cn/styles/solve/detail.min.css]
[www-x-ttisuccessinsights-x-com-x-cn.img.addlink.cn/static/uploads/20230616/aa4fc2c07f87173d129f4df10c21f94b.png]
[www-x-ttisuccessinsights-x-com-x-cn.img.addlink.cn/static/uploads/20230616/c5806bd8431f6d26dd30464aa1a8ff41.png]
[www-x-ttisuccessinsights-x-com-x-cn.img.addlink.cn/static/uploads/20230616/8b5387f356f341afd87452d5ed84f948.png]
[www.ttisuccessinsights.com.cn/solve/detail/161.html]
[www-x-ttisuccessinsights-x-com-x-cn.img.addlink.cn/static/uploads/20230717/248d28eea47fa517564329bfd685f7fd.html]
[www-x-ttisuccessinsights-x-com-x-cn.img.addlink.cn/static/uploads/20230616/0415a655c122bcf805ee76e56b2ee965.png]
[www-x-ttisuccessinsights-x-com-x-cn.img.addlink.cn/static/uploads/20230616/6729f219eb973c722e2a3b1dfa26604d.png]
[www-x-ttisuccessinsights-x-com-x-cn.img.addlink.cn/static/uploads/20230616/0ad94fd2aa491d46e59aad5c041352fd.png]
[www.ttisuccessinsights.com.cn/solve/detail/165.html]
[www-x-ttisuccessinsights-x-com-x-cn.img.addlink.cn/static/uploads/20230717/d443d2d09efec5d7860b658132ad031e.html]
[www-x-ttisuccessinsights-x-com-x-cn.img.addlink.cn/static/uploads/20230616/82476c52f79876fe03bc01d1bab20710.png]
[www-x-ttisuccessinsights-x-com-x-cn.img.addlink.cn/static/uploads/20230616/2e1bb3956801096411687dfc0b2f68a2.png]
[www.ttisuccessinsights.com.cn/solve/detail/164.html]
[www-x-ttisuccessinsights-x-com-x-cn.img.addlink.cn/static/uploads/20230717/b97db71e46eecf7542cac432fc8b2aa2.html]
[www-x-ttisuccessinsights-x-com-x-cn.img.addlink.cn/static/uploads/20230616/8b7d03dc2ebcc29b42bc3956e76251dc.png]
[www-x-ttisuccessinsights-x-com-x-cn.img.addlink.cn/static/uploads/20230616/5bcc09e92cfa625a825ed80131fb90a5.png]
[www-x-ttisuccessinsights-x-com-x-cn.img.addlink.cn/static/uploads/20230616/abf71ebcb0b4a0cfde44957b609f8356.png]
[www-x-ttisuccessinsights-x-com-x-cn.img.addlink.cn/static/uploads/20230616/4a6c9819cacda8a08c13ad41168f1494.png]
[www-x-ttisuccessinsights-x-com-x-cn.img.addlink.cn/static/uploads/20230616/5c61edbe680ec600d9ad70a2458d6760.png]
[www.ttisuccessinsights.com.cn/solve/detail/163.html]
[www-x-ttisuccessinsights-x-com-x-cn.img.addlink.cn/static/uploads/20230717/9a59fc19f14ce7cbc4d045e3d46eddc1.html]
[www-x-ttisuccessinsights-x-com-x-cn.img.addlink.cn/static/cn/images/home/24.png]
[www.ttisuccessinsights.com.cn/static/cn/styles/behavior/index.min.css]
[www.ttisuccessinsights.com.cn/test/motivator-2.html]
[www.ttisuccessinsights.com.cn/test/competency-2.html]
[www.ttisuccessinsights.com.cn/test/behavior-2.html]
[www.ttisuccessinsights.com.cn/test/eq-2.html]
[www.ttisuccessinsights.com.cn/test/keen-2.html]
[www.ttisuccessinsights.com.cn/static/cn/styles/motivator/index.min.css]
[www.ttisuccessinsights.com.cn/static/cn/styles/eq/index.min.css]
[www.ttisuccessinsights.com.cn/static/cn/styles/competency/index.min.css]
[www.ttisuccessinsights.com.cn/static/cn/styles/keen/index.min.css]
[www-x-ttisuccessinsights-x-com-x-cn.img.addlink.cn/static/cn/images/authentication/bg.png]
[www-x-ttisuccessinsights-x-com-x-cn.img.addlink.cn/static/cn/images/authentication/bg2.png]
[www-x-ttisuccessinsights-x-com-x-cn.img.addlink.cn/static/cn/images/authentication/bg3.png]
[www.ttisuccessinsights.com.cn/static/cn/styles/authentication/index.min.css]
[www.ttisuccessinsights.com.cn/static/cn/styles/solve/solve.min.css]
[www-x-ttisuccessinsights-x-com-x-cn.img.addlink.cn/static/uploads/20230717/4351bcb726b9fea4d1f4054c7eaafa17.html]
[www-x-ttisuccessinsights-x-com-x-cn.img.addlink.cn/static/uploads/20230717/7468ab3ff2f8ed32481b8dd513474e32.html]
[www-x-ttisuccessinsights-x-com-x-cn.img.addlink.cn/static/uploads/20230717/8638908c113b121bffec7d7b53a42f8a.html]
[www-x-ttisuccessinsights-x-com-x-cn.img.addlink.cn/static/uploads/20230717/58bfa7fdb84151575b5fbe375feed6e4.html]
[www.ttisuccessinsights.com.cn/solve/detail/194.html]
[www-x-ttisuccessinsights-x-com-x-cn.img.addlink.cn/static/uploads/20230718/54605f30a6f728b425a80e9c4b370501.html]
[www.ttisuccessinsights.com.cn/solve/detail/195.html]
[www-x-ttisuccessinsights-x-com-x-cn.img.addlink.cn/static/uploads/20230718/6550dba3eb6c819a239ae75b376ae4b4.html]
[www.ttisuccessinsights.com.cn/solve/detail/196.html]
[www-x-ttisuccessinsights-x-com-x-cn.img.addlink.cn/static/uploads/20230718/d036776e0c867e4b653a28ad2066b89c.html]
[www.ttisuccessinsights.com.cn/solve/detail/197.html]
[www-x-ttisuccessinsights-x-com-x-cn.img.addlink.cn/static/uploads/20230718/77d204c8aa77b8f5f53f54a7e6188f16.html]
[www.ttisuccessinsights.com.cn/solve/detail/198.html]
[www-x-ttisuccessinsights-x-com-x-cn.img.addlink.cn/static/uploads/20230718/42771c4b96da14d4c559546b43797995.html]
[www.ttisuccessinsights.com.cn/solve/detail/199.html]
[www-x-ttisuccessinsights-x-com-x-cn.img.addlink.cn/static/uploads/20230718/849840d6acff4eb6a3a35571384dc207.html]
[www.ttisuccessinsights.com.cn/solve/detail/200.html]
[www-x-ttisuccessinsights-x-com-x-cn.img.addlink.cn/static/uploads/20230718/51cb6258d0a909dd39881d051577eb3d.html]
[www-x-ttisuccessinsights-x-com-x-cn.img.addlink.cn/static/cn/images/alumnus/arrow-up.png]
[www-x-ttisuccessinsights-x-com-x-cn.img.addlink.cn/static/cn/images/alumnus/arrow-down.png]
[www.ttisuccessinsights.com.cn/static/cn/styles/alumnus/index.min.css]
[www.ttisuccessinsights.com.cn/static/cn/styles/activity/index.min.css]
[www-x-ttisuccessinsights-x-com-x-cn.img.addlink.cn/static/cn/images/news/bg1.png]
[www-x-ttisuccessinsights-x-com-x-cn.img.addlink.cn/static/cn/images/news/bg2.png]
[www-x-ttisuccessinsights-x-com-x-cn.img.addlink.cn/static/cn/images/news/bg3.png]
[www.ttisuccessinsights.com.cn/static/cn/styles/news/index.min.css]
[www.ttisuccessinsights.com.cn/static/cn/styles/solve/detail.min.css]
[www.ttisuccessinsights.com.cn/static/cn/images/home/25.png]
[www.ttisuccessinsights.com.cn/static/cn/images/home/26.png]
